\BOOKMARK [1][-]{section.1}{\376\377\301\034\270\140}{}% 1
\BOOKMARK [2][-]{subsection.1.1}{\376\377\301\034\276\104\302\244\254\000\000\040\305\104\262\314\000\040\307\170\325\004\267\174\270\134\301\034\307\130\000\040\310\021\255\374\301\061}{section.1}% 2
\BOOKMARK [2][-]{subsection.1.2}{\376\377\307\220\256\060\315\251\310\161\310\001\000\040\274\060\310\034\000\040\273\070\310\034}{section.1}% 3
\BOOKMARK [2][-]{subsection.1.3}{\376\377\274\225\310\001\000\267\255\334\274\224\310\001\000\040\255\374\254\160}{section.1}% 4
\BOOKMARK [2][-]{subsection.1.4}{\376\377\256\060\305\354}{section.1}% 5
\BOOKMARK [1][-]{section.2}{\376\377\255\000\270\050\000\040\305\360\255\154}{}% 6
\BOOKMARK [2][-]{subsection.2.1}{\376\377\310\021\255\374\301\061\000\040\307\170\325\004\267\174}{section.2}% 7
\BOOKMARK [2][-]{subsection.2.2}{\376\377\310\020\307\220\000\040\274\300\326\130\000\040\302\334\302\244\321\134\254\374\000\040\256\060\302\040\000\040\273\070\301\034\000\040\310\020\307\220}{section.2}% 8
\BOOKMARK [2][-]{subsection.2.3}{\376\377\326\124\325\131\000\040\305\110\310\004\000\040\310\025\274\364\000\040\310\021\255\374\301\061}{section.2}% 9
\BOOKMARK [2][-]{subsection.2.4}{\376\377\325\134\255\155\000\040\310\020\307\220\000\040\255\334\310\025}{section.2}% 10
\BOOKMARK [1][-]{section.3}{\376\377\302\334\302\244\321\134\000\040\255\154\310\160}{}% 11
\BOOKMARK [2][-]{subsection.3.1}{\376\377\263\160\307\164\321\060\000\040\323\014\307\164\325\004\267\174\307\170}{section.3}% 12
\BOOKMARK [2][-]{subsection.3.2}{\376\377\325\134\255\155\000\040\310\020\307\220\000\040\307\170\317\124\265\051}{section.3}% 13
\BOOKMARK [1][-]{section.4}{\376\377\263\160\307\164\321\060\301\113\000\040\256\060\302\040}{}% 14
\BOOKMARK [2][-]{subsection.4.1}{\376\377\306\320\274\370\000\040\263\160\307\164\321\060}{section.4}% 15
\BOOKMARK [2][-]{subsection.4.2}{\376\377\263\160\307\164\321\060\301\113\000\040\321\265\254\304}{section.4}% 16
\BOOKMARK [2][-]{subsection.4.3}{\376\377\000G\000H\000S\000\040\325\075\321\240\255\370\267\250\000\040\274\300\326\130}{section.4}% 17
\BOOKMARK [2][-]{subsection.4.4}{\376\377\254\365\254\034}{section.4}% 18
\BOOKMARK [1][-]{section.5}{\376\377\254\200\311\235}{}% 19
\BOOKMARK [2][-]{subsection.5.1}{\376\377\254\260\310\025\270\140\310\001\000\040\310\025\326\125\301\061}{section.5}% 20
\BOOKMARK [2][-]{subsection.5.2}{\376\377\255\120\314\050\000\040\314\070\310\160\000\040\254\200\311\235}{section.5}% 21
\BOOKMARK [2][-]{subsection.5.3}{\376\377\307\170\317\124\265\051\000\040\301\215\301\061}{section.5}% 22
\BOOKMARK [2][-]{subsection.5.4}{\376\377\254\200\311\235\307\130\000\040\274\224\307\004}{section.5}% 23
\BOOKMARK [1][-]{section.6}{\376\377\314\070\310\160\000\040\274\060\323\354}{}% 24
\BOOKMARK [2][-]{subsection.6.1}{\376\377\255\154\310\160}{section.6}% 25
\BOOKMARK [2][-]{subsection.6.2}{\376\377\000A\000P\000I\000\040\305\324\264\334\323\354\307\170\322\270}{section.6}% 26
\BOOKMARK [2][-]{subsection.6.3}{\376\377\300\254\306\251\307\220\000\040\307\170\321\060\323\230\307\164\302\244\306\100\000\040\301\214\276\104\000\040\254\275\270\134}{section.6}% 27
\BOOKMARK [1][-]{section.7}{\376\377\326\125\307\245\301\061}{}% 28
\BOOKMARK [2][-]{subsection.7.1}{\376\377\254\200\311\235\264\034\000\040\326\125\307\245\301\061\000\050\326\004\307\254\000\040\271\264\271\254\302\244\000\051}{section.7}% 29
\BOOKMARK [2][-]{subsection.7.2}{\376\377\310\004\271\335\310\001\000\040\326\125\307\245\301\061\000\050\305\104\320\244\321\115\314\230\310\001\000,\000\040\305\104\311\301\000\040\302\030\325\211\264\030\311\300\000\040\305\112\307\114\000\051}{section.7}% 30
\BOOKMARK [2][-]{subsection.7.3}{\376\377\305\270\305\264\000\040\326\125\307\245\301\061}{section.7}% 31
\BOOKMARK [2][-]{subsection.7.4}{\376\377\301\214\276\104\000\040\326\025\302\335\000\040\326\125\307\245\301\061}{section.7}% 32
\BOOKMARK [2][-]{subsection.7.5}{\376\377\310\025\314\105\000\040\326\125\307\245\301\061}{section.7}% 33
\BOOKMARK [1][-]{section.8}{\376\377\261\174\307\130}{}% 34
\BOOKMARK [2][-]{subsection.8.1}{\376\377\310\001\310\010\325\134\000\040\323\311\254\000\000\040\256\060\311\000}{section.8}% 35
\BOOKMARK [2][-]{subsection.8.2}{\376\377\274\034\300\335\000\040\276\110\263\304\262\224\000\040\260\256\307\074\260\230\000\040\254\260\254\374\254\000\000\040\311\021\263\000\325\134\000\040\310\021\255\374\301\061}{section.8}% 36
\BOOKMARK [2][-]{subsection.8.3}{\376\377\310\374\307\245\307\130\000\040\274\224\307\004\000:\000\040\273\064\305\307\307\164\000\040\254\200\311\235\264\030\305\310\254\340\000\040\273\064\305\307\307\164\000\040\254\200\311\235\264\030\311\300\000\040\305\112\305\130\262\224\254\000}{section.8}% 37
\BOOKMARK [2][-]{subsection.8.4}{\376\377\305\114\270\044\311\304\000\040\325\134\254\304}{section.8}% 38
\BOOKMARK [2][-]{subsection.8.5}{\376\377\307\040\311\300\274\364\302\030\306\100\000\040\254\061\302\340\000\040\272\250\263\170}{section.8}% 39
\BOOKMARK [1][-]{section.9}{\376\377\254\260\270\140}{}% 40
\BOOKMARK [1][-]{section*.8}{\376\377\000R\000e\000f\000e\000r\000e\000n\000c\000e\000s}{}% 41
\BOOKMARK [1][-]{IEEEbiography.0}{\376\377\000B\000i\000o\000g\000r\000a\000p\000h\000i\000e\000s}{}% 42
\BOOKMARK [2][-]{IEEEbiography.1}{\376\377\256\100\307\040\306\251}{IEEEbiography.0}% 43
